// Vitest Snapshot v1, https://vitest.dev/guide/snapshot.html

exports[`Palette > renders without errors 1`] = `
{
  "asFragment": [Function],
  "baseElement": <body>
    <div>
      <div
        class="palette"
      >
        <div
          class="sample"
          style="width: 48px; height: 48px; font-size: 31.68px; color: red; background-color: red; outline-style: solid;"
        >
          üê∑
        </div>
        <div
          class="sample"
          style="width: 48px; height: 48px; font-size: 31.68px; color: silver; background-color: silver; outline-style: none;"
        >
          üê±
        </div>
        <div
          class="sample"
          style="width: 48px; height: 48px; font-size: 31.68px; color: navy; background-color: navy; outline-style: none;"
        >
          üê∂
        </div>
        <div
          class="sample"
          style="width: 48px; height: 48px; font-size: 31.68px; color: orange; background-color: orange; outline-style: none;"
        >
          üê≠
        </div>
        <div
          class="sample"
          style="width: 48px; height: 48px; font-size: 31.68px; color: green; background-color: green; outline-style: none;"
        >
          ü¶ä
        </div>
        <div
          class="sample"
          style="width: 48px; height: 48px; font-size: 31.68px; color: teal; background-color: teal; outline-style: none;"
        >
          üêª
        </div>
        <div
          class="sample"
          style="width: 48px; height: 48px; font-size: 31.68px; color: white; background-color: white; outline-style: none;"
        >
          ‚ùå
        </div>
      </div>
    </div>
  </body>,
  "container": <div>
    <div
      class="palette"
    >
      <div
        class="sample"
        style="width: 48px; height: 48px; font-size: 31.68px; color: red; background-color: red; outline-style: solid;"
      >
        üê∑
      </div>
      <div
        class="sample"
        style="width: 48px; height: 48px; font-size: 31.68px; color: silver; background-color: silver; outline-style: none;"
      >
        üê±
      </div>
      <div
        class="sample"
        style="width: 48px; height: 48px; font-size: 31.68px; color: navy; background-color: navy; outline-style: none;"
      >
        üê∂
      </div>
      <div
        class="sample"
        style="width: 48px; height: 48px; font-size: 31.68px; color: orange; background-color: orange; outline-style: none;"
      >
        üê≠
      </div>
      <div
        class="sample"
        style="width: 48px; height: 48px; font-size: 31.68px; color: green; background-color: green; outline-style: none;"
      >
        ü¶ä
      </div>
      <div
        class="sample"
        style="width: 48px; height: 48px; font-size: 31.68px; color: teal; background-color: teal; outline-style: none;"
      >
        üêª
      </div>
      <div
        class="sample"
        style="width: 48px; height: 48px; font-size: 31.68px; color: white; background-color: white; outline-style: none;"
      >
        ‚ùå
      </div>
    </div>
  </div>,
  "debug": [Function],
  "findAllByAltText": [Function],
  "findAllByDisplayValue": [Function],
  "findAllByLabelText": [Function],
  "findAllByPlaceholderText": [Function],
  "findAllByRole": [Function],
  "findAllByTestId": [Function],
  "findAllByText": [Function],
  "findAllByTitle": [Function],
  "findByAltText": [Function],
  "findByDisplayValue": [Function],
  "findByLabelText": [Function],
  "findByPlaceholderText": [Function],
  "findByRole": [Function],
  "findByTestId": [Function],
  "findByText": [Function],
  "findByTitle": [Function],
  "getAllByAltText": [Function],
  "getAllByDisplayValue": [Function],
  "getAllByLabelText": [Function],
  "getAllByPlaceholderText": [Function],
  "getAllByRole": [Function],
  "getAllByTestId": [Function],
  "getAllByText": [Function],
  "getAllByTitle": [Function],
  "getByAltText": [Function],
  "getByDisplayValue": [Function],
  "getByLabelText": [Function],
  "getByPlaceholderText": [Function],
  "getByRole": [Function],
  "getByTestId": [Function],
  "getByText": [Function],
  "getByTitle": [Function],
  "queryAllByAltText": [Function],
  "queryAllByDisplayValue": [Function],
  "queryAllByLabelText": [Function],
  "queryAllByPlaceholderText": [Function],
  "queryAllByRole": [Function],
  "queryAllByTestId": [Function],
  "queryAllByText": [Function],
  "queryAllByTitle": [Function],
  "queryByAltText": [Function],
  "queryByDisplayValue": [Function],
  "queryByLabelText": [Function],
  "queryByPlaceholderText": [Function],
  "queryByRole": [Function],
  "queryByTestId": [Function],
  "queryByText": [Function],
  "queryByTitle": [Function],
  "rerender": [Function],
  "unmount": [Function],
}
`;
