// Vitest Snapshot v1, https://vitest.dev/guide/snapshot.html

exports[`Register > renders without errors 1`] = `
{
  "asFragment": [Function],
  "baseElement": <body>
    <div>
      <form
        name="register"
      >
        <h1>
          Register
        </h1>
        <input
          name="email"
          type="email"
          value=""
        />
        <label>
          Password
        </label>
        <input
          type="password"
          value=""
        />
        <a
          href="javascript:void(0)"
        >
          Forgot password?
        </a>
        <button
          type="button"
        >
          Register
        </button>
      </form>
    </div>
  </body>,
  "container": <div>
    <form
      name="register"
    >
      <h1>
        Register
      </h1>
      <input
        name="email"
        type="email"
        value=""
      />
      <label>
        Password
      </label>
      <input
        type="password"
        value=""
      />
      <a
        href="javascript:void(0)"
      >
        Forgot password?
      </a>
      <button
        type="button"
      >
        Register
      </button>
    </form>
  </div>,
  "debug": [Function],
  "findAllByAltText": [Function],
  "findAllByDisplayValue": [Function],
  "findAllByLabelText": [Function],
  "findAllByPlaceholderText": [Function],
  "findAllByRole": [Function],
  "findAllByTestId": [Function],
  "findAllByText": [Function],
  "findAllByTitle": [Function],
  "findByAltText": [Function],
  "findByDisplayValue": [Function],
  "findByLabelText": [Function],
  "findByPlaceholderText": [Function],
  "findByRole": [Function],
  "findByTestId": [Function],
  "findByText": [Function],
  "findByTitle": [Function],
  "getAllByAltText": [Function],
  "getAllByDisplayValue": [Function],
  "getAllByLabelText": [Function],
  "getAllByPlaceholderText": [Function],
  "getAllByRole": [Function],
  "getAllByTestId": [Function],
  "getAllByText": [Function],
  "getAllByTitle": [Function],
  "getByAltText": [Function],
  "getByDisplayValue": [Function],
  "getByLabelText": [Function],
  "getByPlaceholderText": [Function],
  "getByRole": [Function],
  "getByTestId": [Function],
  "getByText": [Function],
  "getByTitle": [Function],
  "queryAllByAltText": [Function],
  "queryAllByDisplayValue": [Function],
  "queryAllByLabelText": [Function],
  "queryAllByPlaceholderText": [Function],
  "queryAllByRole": [Function],
  "queryAllByTestId": [Function],
  "queryAllByText": [Function],
  "queryAllByTitle": [Function],
  "queryByAltText": [Function],
  "queryByDisplayValue": [Function],
  "queryByLabelText": [Function],
  "queryByPlaceholderText": [Function],
  "queryByRole": [Function],
  "queryByTestId": [Function],
  "queryByText": [Function],
  "queryByTitle": [Function],
  "rerender": [Function],
  "unmount": [Function],
}
`;
