// Vitest Snapshot v1, https://vitest.dev/guide/snapshot.html

exports[`App > renders headline 1`] = `
{
  "asFragment": [Function],
  "baseElement": <body>
    <div>
      <div
        class="layout"
      >
        <header
          class="header"
        >
          <div
            class="section section-1"
          >
            <a
              href="/"
            >
              [LOGO]
            </a>
          </div>
          <div
            class="section section-2"
          >
            TODOAPP
          </div>
          <div
            class="section section-3"
          >
            <a
              href="/login"
            >
              Login
            </a>
             
            <a
              href="/register"
            >
              Register
            </a>
          </div>
        </header>
        <main
          class="main"
        >
          <form
            name="login"
          >
            <h1>
              Login
            </h1>
            <label>
              Email
              <input
                name="email"
                type="email"
                value=""
              />
            </label>
            <label>
              Password
              <input
                type="password"
                value=""
              />
            </label>
            <a
              href="/forgot"
            >
              Forgot password?
            </a>
            <button
              type="button"
            >
              Login
            </button>
          </form>
        </main>
        <footer
          class="footer"
        >
          (c) Diligent student
        </footer>
      </div>
    </div>
  </body>,
  "container": <div>
    <div
      class="layout"
    >
      <header
        class="header"
      >
        <div
          class="section section-1"
        >
          <a
            href="/"
          >
            [LOGO]
          </a>
        </div>
        <div
          class="section section-2"
        >
          TODOAPP
        </div>
        <div
          class="section section-3"
        >
          <a
            href="/login"
          >
            Login
          </a>
           
          <a
            href="/register"
          >
            Register
          </a>
        </div>
      </header>
      <main
        class="main"
      >
        <form
          name="login"
        >
          <h1>
            Login
          </h1>
          <label>
            Email
            <input
              name="email"
              type="email"
              value=""
            />
          </label>
          <label>
            Password
            <input
              type="password"
              value=""
            />
          </label>
          <a
            href="/forgot"
          >
            Forgot password?
          </a>
          <button
            type="button"
          >
            Login
          </button>
        </form>
      </main>
      <footer
        class="footer"
      >
        (c) Diligent student
      </footer>
    </div>
  </div>,
  "debug": [Function],
  "findAllByAltText": [Function],
  "findAllByDisplayValue": [Function],
  "findAllByLabelText": [Function],
  "findAllByPlaceholderText": [Function],
  "findAllByRole": [Function],
  "findAllByTestId": [Function],
  "findAllByText": [Function],
  "findAllByTitle": [Function],
  "findByAltText": [Function],
  "findByDisplayValue": [Function],
  "findByLabelText": [Function],
  "findByPlaceholderText": [Function],
  "findByRole": [Function],
  "findByTestId": [Function],
  "findByText": [Function],
  "findByTitle": [Function],
  "getAllByAltText": [Function],
  "getAllByDisplayValue": [Function],
  "getAllByLabelText": [Function],
  "getAllByPlaceholderText": [Function],
  "getAllByRole": [Function],
  "getAllByTestId": [Function],
  "getAllByText": [Function],
  "getAllByTitle": [Function],
  "getByAltText": [Function],
  "getByDisplayValue": [Function],
  "getByLabelText": [Function],
  "getByPlaceholderText": [Function],
  "getByRole": [Function],
  "getByTestId": [Function],
  "getByText": [Function],
  "getByTitle": [Function],
  "queryAllByAltText": [Function],
  "queryAllByDisplayValue": [Function],
  "queryAllByLabelText": [Function],
  "queryAllByPlaceholderText": [Function],
  "queryAllByRole": [Function],
  "queryAllByTestId": [Function],
  "queryAllByText": [Function],
  "queryAllByTitle": [Function],
  "queryByAltText": [Function],
  "queryByDisplayValue": [Function],
  "queryByLabelText": [Function],
  "queryByPlaceholderText": [Function],
  "queryByRole": [Function],
  "queryByTestId": [Function],
  "queryByText": [Function],
  "queryByTitle": [Function],
  "rerender": [Function],
  "unmount": [Function],
}
`;
